00:05.457 INFO                            Compiling modules: support
00:06.368 INFO  :support:compileJvmTest   Compiling module 'support' for platform 'jvm'...
[38;2;224;108;117m00:14.454 ERROR :support:compileJvmTest   file:///E:/1.Projects/106-oop-capstone/apsas/backend/sources/services/support/test/apsas/support/controller/SupportControllerIntegrationTest.kt:3:21 Unresolved reference 'test'.[39m
[38;2;224;108;117m00:14.457 ERROR :support:compileJvmTest   file:///E:/1.Projects/106-oop-capstone/apsas/backend/sources/services/support/test/apsas/support/controller/SupportControllerIntegrationTest.kt:4:21 Unresolved reference 'test'.[39m
[38;2;224;108;117m00:14.458 ERROR :support:compileJvmTest   file:///E:/1.Projects/106-oop-capstone/apsas/backend/sources/services/support/test/apsas/support/controller/SupportControllerIntegrationTest.kt:5:21 Unresolved reference 'test'.[39m
[38;2;224;108;117m00:14.460 ERROR :support:compileJvmTest   file:///E:/1.Projects/106-oop-capstone/apsas/backend/sources/services/support/test/apsas/support/controller/SupportControllerIntegrationTest.kt:6:21 Unresolved reference 'test'.[39m
[38;2;224;108;117m00:14.461 ERROR :support:compileJvmTest   file:///E:/1.Projects/106-oop-capstone/apsas/backend/sources/services/support/test/apsas/support/controller/SupportControllerIntegrationTest.kt:7:21 Unresolved reference 'test'.[39m
[38;2;224;108;117m00:14.463 ERROR :support:compileJvmTest   file:///E:/1.Projects/106-oop-capstone/apsas/backend/sources/services/support/test/apsas/support/controller/SupportControllerIntegrationTest.kt:8:21 Unresolved reference 'test'.[39m
[38;2;224;108;117m00:14.463 ERROR :support:compileJvmTest   file:///E:/1.Projects/106-oop-capstone/apsas/backend/sources/services/support/test/apsas/support/controller/SupportControllerIntegrationTest.kt:9:21 Unresolved reference 'test'.[39m
[38;2;224;108;117m00:14.465 ERROR :support:compileJvmTest   file:///E:/1.Projects/106-oop-capstone/apsas/backend/sources/services/support/test/apsas/support/controller/SupportControllerIntegrationTest.kt:17:28 Unresolved reference 'test'.[39m
[38;2;224;108;117m00:14.466 ERROR :support:compileJvmTest   file:///E:/1.Projects/106-oop-capstone/apsas/backend/sources/services/support/test/apsas/support/controller/SupportControllerIntegrationTest.kt:24:2 Unresolved reference 'ContextConfiguration'.[39m
[38;2;224;108;117m00:14.467 ERROR :support:compileJvmTest   file:///E:/1.Projects/106-oop-capstone/apsas/backend/sources/services/support/test/apsas/support/controller/SupportControllerIntegrationTest.kt:25:42 Unresolved reference 'IntegrationSpec'.[39m
[38;2;224;108;117m00:14.467 ERROR :support:compileJvmTest   file:///E:/1.Projects/106-oop-capstone/apsas/backend/sources/services/support/test/apsas/support/controller/SupportControllerIntegrationTest.kt:40:87 Unresolved reference 'P_STUDENT'.[39m
[38;2;224;108;117m00:14.468 ERROR :support:compileJvmTest   file:///E:/1.Projects/106-oop-capstone/apsas/backend/sources/services/support/test/apsas/support/controller/SupportControllerIntegrationTest.kt:41:87 Unresolved reference 'P_OTHER_STUDENT'.[39m
[38;2;224;108;117m00:14.470 ERROR :support:compileJvmTest   file:///E:/1.Projects/106-oop-capstone/apsas/backend/sources/services/support/test/apsas/support/controller/SupportControllerIntegrationTest.kt:43:13 Unresolved reference 'webClient'.[39m
[38;2;224;108;117m00:14.471 ERROR :support:compileJvmTest   file:///E:/1.Projects/106-oop-capstone/apsas/backend/sources/services/support/test/apsas/support/controller/SupportControllerIntegrationTest.kt:45:18 Unresolved reference 'uri'.[39m
[38;2;224;108;117m00:14.471 ERROR :support:compileJvmTest   file:///E:/1.Projects/106-oop-capstone/apsas/backend/sources/services/support/test/apsas/support/controller/SupportControllerIntegrationTest.kt:45:24 Cannot infer type for this parameter. Specify it explicitly.[39m
[38;2;224;108;117m00:14.473 ERROR :support:compileJvmTest   file:///E:/1.Projects/106-oop-capstone/apsas/backend/sources/services/support/test/apsas/support/controller/SupportControllerIntegrationTest.kt:47:26 Unresolved reference 'path'.[39m
[38;2;224;108;117m00:14.474 ERROR :support:compileJvmTest   file:///E:/1.Projects/106-oop-capstone/apsas/backend/sources/services/support/test/apsas/support/controller/SupportControllerIntegrationTest.kt:52:32 Unresolved reference 'P_INSTRUCTOR'.[39m
[38;2;224;108;117m00:14.474 ERROR :support:compileJvmTest   file:///E:/1.Projects/106-oop-capstone/apsas/backend/sources/services/support/test/apsas/support/controller/SupportControllerIntegrationTest.kt:67:29 Unresolved reference 'P_STUDENT'.[39m
[38;2;224;108;117m00:14.475 ERROR :support:compileJvmTest   file:///E:/1.Projects/106-oop-capstone/apsas/backend/sources/services/support/test/apsas/support/controller/SupportControllerIntegrationTest.kt:68:34 Unresolved reference 'P_OTHER_STUDENT'.[39m
[38;2;224;108;117m00:14.477 ERROR :support:compileJvmTest   file:///E:/1.Projects/106-oop-capstone/apsas/backend/sources/services/support/test/apsas/support/controller/SupportControllerIntegrationTest.kt:74:13 Unresolved reference 'webClient'.[39m
[38;2;224;108;117m00:14.477 ERROR :support:compileJvmTest   file:///E:/1.Projects/106-oop-capstone/apsas/backend/sources/services/support/test/apsas/support/controller/SupportControllerIntegrationTest.kt:76:18 Unresolved reference 'uri'.[39m
[38;2;224;108;117m00:14.478 ERROR :support:compileJvmTest   file:///E:/1.Projects/106-oop-capstone/apsas/backend/sources/services/support/test/apsas/support/controller/SupportControllerIntegrationTest.kt:77:32 Unresolved reference 'P_STUDENT'.[39m
[38;2;224;108;117m00:14.479 ERROR :support:compileJvmTest   file:///E:/1.Projects/106-oop-capstone/apsas/backend/sources/services/support/test/apsas/support/controller/SupportControllerIntegrationTest.kt:89:13 Unresolved reference 'webClient'.[39m
[38;2;224;108;117m00:14.480 ERROR :support:compileJvmTest   file:///E:/1.Projects/106-oop-capstone/apsas/backend/sources/services/support/test/apsas/support/controller/SupportControllerIntegrationTest.kt:91:18 Unresolved reference 'uri'.[39m
[38;2;224;108;117m00:14.480 ERROR :support:compileJvmTest   file:///E:/1.Projects/106-oop-capstone/apsas/backend/sources/services/support/test/apsas/support/controller/SupportControllerIntegrationTest.kt:92:32 Unresolved reference 'P_STUDENT'.[39m
[38;2;224;108;117m00:14.481 ERROR :support:compileJvmTest   file:///E:/1.Projects/106-oop-capstone/apsas/backend/sources/services/support/test/apsas/support/controller/SupportControllerIntegrationTest.kt:112:13 Unresolved reference 'webClient'.[39m
[38;2;224;108;117m00:14.482 ERROR :support:compileJvmTest   file:///E:/1.Projects/106-oop-capstone/apsas/backend/sources/services/support/test/apsas/support/controller/SupportControllerIntegrationTest.kt:114:18 Unresolved reference 'uri'.[39m
[38;2;224;108;117m00:14.483 ERROR :support:compileJvmTest   file:///E:/1.Projects/106-oop-capstone/apsas/backend/sources/services/support/test/apsas/support/controller/SupportControllerIntegrationTest.kt:115:32 Unresolved reference 'P_INSTRUCTOR'.[39m
[38;2;224;108;117m00:14.485 ERROR :support:compileJvmTest   file:///E:/1.Projects/106-oop-capstone/apsas/backend/sources/services/support/test/apsas/support/controller/SupportControllerIntegrationTest.kt:134:29 Unresolved reference 'P_STUDENT'.[39m
[38;2;224;108;117m00:14.486 ERROR :support:compileJvmTest   file:///E:/1.Projects/106-oop-capstone/apsas/backend/sources/services/support/test/apsas/support/controller/SupportControllerIntegrationTest.kt:138:13 Unresolved reference 'webClient'.[39m
[38;2;224;108;117m00:14.487 ERROR :support:compileJvmTest   file:///E:/1.Projects/106-oop-capstone/apsas/backend/sources/services/support/test/apsas/support/controller/SupportControllerIntegrationTest.kt:140:18 Unresolved reference 'uri'.[39m
[38;2;224;108;117m00:14.487 ERROR :support:compileJvmTest   file:///E:/1.Projects/106-oop-capstone/apsas/backend/sources/services/support/test/apsas/support/controller/SupportControllerIntegrationTest.kt:141:32 Unresolved reference 'P_STUDENT'.[39m
[38;2;224;108;117m00:14.488 ERROR :support:compileJvmTest   file:///E:/1.Projects/106-oop-capstone/apsas/backend/sources/services/support/test/apsas/support/controller/SupportControllerIntegrationTest.kt:147:52 Unresolved reference 'P_STUDENT'.[39m
[38;2;224;108;117m00:14.488 ERROR :support:compileJvmTest   file:///E:/1.Projects/106-oop-capstone/apsas/backend/sources/services/support/test/apsas/support/controller/SupportControllerIntegrationTest.kt:156:29 Unresolved reference 'P_OTHER_STUDENT'.[39m
[38;2;224;108;117m00:14.489 ERROR :support:compileJvmTest   file:///E:/1.Projects/106-oop-capstone/apsas/backend/sources/services/support/test/apsas/support/controller/SupportControllerIntegrationTest.kt:162:13 Unresolved reference 'webClient'.[39m
[38;2;224;108;117m00:14.491 ERROR :support:compileJvmTest   file:///E:/1.Projects/106-oop-capstone/apsas/backend/sources/services/support/test/apsas/support/controller/SupportControllerIntegrationTest.kt:164:18 Unresolved reference 'uri'.[39m
[38;2;224;108;117m00:14.492 ERROR :support:compileJvmTest   file:///E:/1.Projects/106-oop-capstone/apsas/backend/sources/services/support/test/apsas/support/controller/SupportControllerIntegrationTest.kt:165:32 Unresolved reference 'P_INSTRUCTOR'.[39m
[38;2;224;108;117m00:14.493 ERROR :support:compileJvmTest   file:///E:/1.Projects/106-oop-capstone/apsas/backend/sources/services/support/test/apsas/support/controller/SupportControllerIntegrationTest.kt:178:13 Unresolved reference 'webClient'.[39m
[38;2;224;108;117m00:14.494 ERROR :support:compileJvmTest   file:///E:/1.Projects/106-oop-capstone/apsas/backend/sources/services/support/test/apsas/support/controller/SupportControllerIntegrationTest.kt:180:18 Unresolved reference 'uri'.[39m
[38;2;224;108;117m00:14.495 ERROR :support:compileJvmTest   file:///E:/1.Projects/106-oop-capstone/apsas/backend/sources/services/support/test/apsas/support/controller/SupportControllerIntegrationTest.kt:181:32 Unresolved reference 'P_STUDENT'.[39m
[38;2;224;108;117m00:14.496 ERROR :support:compileJvmTest   file:///E:/1.Projects/106-oop-capstone/apsas/backend/sources/services/support/test/apsas/support/controller/SupportControllerIntegrationTest.kt:189:34 Unresolved reference 'P_OTHER_STUDENT'.[39m
[38;2;224;108;117m00:14.497 ERROR :support:compileJvmTest   file:///E:/1.Projects/106-oop-capstone/apsas/backend/sources/services/support/test/apsas/support/controller/SupportControllerIntegrationTest.kt:195:13 Unresolved reference 'webClient'.[39m
[38;2;224;108;117m00:14.499 ERROR :support:compileJvmTest   file:///E:/1.Projects/106-oop-capstone/apsas/backend/sources/services/support/test/apsas/support/controller/SupportControllerIntegrationTest.kt:197:18 Unresolved reference 'uri'.[39m
[38;2;224;108;117m00:14.501 ERROR :support:compileJvmTest   file:///E:/1.Projects/106-oop-capstone/apsas/backend/sources/services/support/test/apsas/support/controller/SupportControllerIntegrationTest.kt:198:32 Unresolved reference 'P_STUDENT'.[39m
[38;2;224;108;117m00:14.502 ERROR :support:compileJvmTest   file:///E:/1.Projects/106-oop-capstone/apsas/backend/sources/services/support/test/apsas/support/controller/SupportControllerIntegrationTest.kt:206:29 Unresolved reference 'P_STUDENT'.[39m
[38;2;224;108;117m00:14.502 ERROR :support:compileJvmTest   file:///E:/1.Projects/106-oop-capstone/apsas/backend/sources/services/support/test/apsas/support/controller/SupportControllerIntegrationTest.kt:207:32 Unresolved reference 'P_INSTRUCTOR'.[39m
[38;2;224;108;117m00:14.503 ERROR :support:compileJvmTest   file:///E:/1.Projects/106-oop-capstone/apsas/backend/sources/services/support/test/apsas/support/controller/SupportControllerIntegrationTest.kt:222:13 Unresolved reference 'webClient'.[39m
[38;2;224;108;117m00:14.503 ERROR :support:compileJvmTest   file:///E:/1.Projects/106-oop-capstone/apsas/backend/sources/services/support/test/apsas/support/controller/SupportControllerIntegrationTest.kt:224:18 Unresolved reference 'uri'.[39m
[38;2;224;108;117m00:14.505 ERROR :support:compileJvmTest   file:///E:/1.Projects/106-oop-capstone/apsas/backend/sources/services/support/test/apsas/support/controller/SupportControllerIntegrationTest.kt:225:32 Unresolved reference 'P_STUDENT'.[39m
[38;2;224;108;117m00:14.507 ERROR :support:compileJvmTest   file:///E:/1.Projects/106-oop-capstone/apsas/backend/sources/services/support/test/apsas/support/controller/SupportControllerIntegrationTest.kt:241:29 Unresolved reference 'P_STUDENT'.[39m
[38;2;224;108;117m00:14.508 ERROR :support:compileJvmTest   file:///E:/1.Projects/106-oop-capstone/apsas/backend/sources/services/support/test/apsas/support/controller/SupportControllerIntegrationTest.kt:246:13 Unresolved reference 'webClient'.[39m
[38;2;224;108;117m00:14.508 ERROR :support:compileJvmTest   file:///E:/1.Projects/106-oop-capstone/apsas/backend/sources/services/support/test/apsas/support/controller/SupportControllerIntegrationTest.kt:268:29 Unresolved reference 'P_STUDENT'.[39m
[38;2;224;108;117m00:14.509 ERROR :support:compileJvmTest   file:///E:/1.Projects/106-oop-capstone/apsas/backend/sources/services/support/test/apsas/support/controller/SupportControllerIntegrationTest.kt:270:13 Unresolved reference 'webClient'.[39m
[38;2;224;108;117m00:14.509 ERROR :support:compileJvmTest   file:///E:/1.Projects/106-oop-capstone/apsas/backend/sources/services/support/test/apsas/support/controller/SupportControllerIntegrationTest.kt:283:29 Unresolved reference 'P_STUDENT'.[39m
[38;2;224;108;117m00:14.510 ERROR :support:compileJvmTest   file:///E:/1.Projects/106-oop-capstone/apsas/backend/sources/services/support/test/apsas/support/controller/SupportControllerIntegrationTest.kt:285:13 Unresolved reference 'webClient'.[39m
[38;2;224;108;117m00:14.510 ERROR :support:compileJvmTest   file:///E:/1.Projects/106-oop-capstone/apsas/backend/sources/services/support/test/apsas/support/controller/SupportControllerIntegrationTest.kt:298:29 Unresolved reference 'P_INSTRUCTOR'.[39m
[38;2;224;108;117m00:14.511 ERROR :support:compileJvmTest   file:///E:/1.Projects/106-oop-capstone/apsas/backend/sources/services/support/test/apsas/support/controller/SupportControllerIntegrationTest.kt:301:13 Unresolved reference 'webClient'.[39m
[38;2;224;108;117m00:14.512 ERROR :support:compileJvmTest   file:///E:/1.Projects/106-oop-capstone/apsas/backend/sources/services/support/test/apsas/support/controller/SupportControllerIntegrationTest.kt:314:29 Unresolved reference 'P_STUDENT'.[39m
[38;2;224;108;117m00:14.512 ERROR :support:compileJvmTest   file:///E:/1.Projects/106-oop-capstone/apsas/backend/sources/services/support/test/apsas/support/controller/SupportControllerIntegrationTest.kt:320:13 Unresolved reference 'webClient'.[39m
[38;2;224;108;117m00:14.513 ERROR :support:compileJvmTest   file:///E:/1.Projects/106-oop-capstone/apsas/backend/sources/services/support/test/apsas/support/controller/SupportControllerIntegrationTest.kt:339:29 Unresolved reference 'P_STUDENT'.[39m
[38;2;224;108;117m00:14.514 ERROR :support:compileJvmTest   file:///E:/1.Projects/106-oop-capstone/apsas/backend/sources/services/support/test/apsas/support/controller/SupportControllerIntegrationTest.kt:346:13 Unresolved reference 'webClient'.[39m
[38;2;224;108;117m00:14.515 ERROR :support:compileJvmTest   file:///E:/1.Projects/106-oop-capstone/apsas/backend/sources/services/support/test/apsas/support/controller/SupportControllerIntegrationTest.kt:361:29 Unresolved reference 'P_STUDENT'.[39m
[38;2;224;108;117m00:14.515 ERROR :support:compileJvmTest   file:///E:/1.Projects/106-oop-capstone/apsas/backend/sources/services/support/test/apsas/support/controller/SupportControllerIntegrationTest.kt:364:13 Unresolved reference 'webClient'.[39m
[38;2;224;108;117m00:14.516 ERROR :support:compileJvmTest   file:///E:/1.Projects/106-oop-capstone/apsas/backend/sources/services/support/test/apsas/support/controller/SupportControllerIntegrationTest.kt:375:34 Unresolved reference 'P_OTHER_STUDENT'.[39m
[38;2;224;108;117m00:14.516 ERROR :support:compileJvmTest   file:///E:/1.Projects/106-oop-capstone/apsas/backend/sources/services/support/test/apsas/support/controller/SupportControllerIntegrationTest.kt:381:13 Unresolved reference 'webClient'.[39m
[38;2;224;108;117m00:14.518 ERROR :support:compileJvmTest   file:///E:/1.Projects/106-oop-capstone/apsas/backend/sources/services/support/test/apsas/support/controller/SupportControllerIntegrationTest.kt:384:32 Unresolved reference 'P_STUDENT'.[39m
[38;2;224;108;117m00:14.519 ERROR :support:compileJvmTest   file:///E:/1.Projects/106-oop-capstone/apsas/backend/sources/services/support/test/apsas/support/controller/SupportControllerIntegrationTest.kt:392:29 Unresolved reference 'P_STUDENT'.[39m
[38;2;224;108;117m00:14.519 ERROR :support:compileJvmTest   file:///E:/1.Projects/106-oop-capstone/apsas/backend/sources/services/support/test/apsas/support/controller/SupportControllerIntegrationTest.kt:399:13 Unresolved reference 'webClient'.[39m
[38;2;224;108;117m00:14.520 ERROR :support:compileJvmTest   file:///E:/1.Projects/106-oop-capstone/apsas/backend/sources/services/support/test/apsas/support/controller/SupportControllerIntegrationTest.kt:411:29 Unresolved reference 'P_OTHER_STUDENT'.[39m
[38;2;224;108;117m00:14.520 ERROR :support:compileJvmTest   file:///E:/1.Projects/106-oop-capstone/apsas/backend/sources/services/support/test/apsas/support/controller/SupportControllerIntegrationTest.kt:415:13 Unresolved reference 'webClient'.[39m
[38;2;224;108;117m00:14.521 ERROR :support:compileJvmTest   file:///E:/1.Projects/106-oop-capstone/apsas/backend/sources/services/support/test/apsas/support/controller/SupportControllerIntegrationTest.kt:418:32 Unresolved reference 'P_INSTRUCTOR'.[39m
[38;2;224;108;117m00:14.522 ERROR :support:compileJvmTest   file:///E:/1.Projects/106-oop-capstone/apsas/backend/sources/services/support/test/apsas/support/controller/SupportControllerIntegrationTest.kt:426:29 Unresolved reference 'P_STUDENT'.[39m
[38;2;224;108;117m00:14.522 ERROR :support:compileJvmTest   file:///E:/1.Projects/106-oop-capstone/apsas/backend/sources/services/support/test/apsas/support/controller/SupportControllerIntegrationTest.kt:434:13 Unresolved reference 'webClient'.[39m
[38;2;224;108;117m00:14.524 ERROR :support:compileJvmTest   file:///E:/1.Projects/106-oop-capstone/apsas/backend/sources/services/support/test/apsas/support/controller/SupportControllerIntegrationTest.kt:451:13 Unresolved reference 'webClient'.[39m
[38;2;224;108;117m00:14.524 ERROR :support:compileJvmTest   file:///E:/1.Projects/106-oop-capstone/apsas/backend/sources/services/support/test/apsas/support/controller/SupportControllerIntegrationTest.kt:453:18 Unresolved reference 'uri'.[39m
[38;2;224;108;117m00:14.525 ERROR :support:compileJvmTest   file:///E:/1.Projects/106-oop-capstone/apsas/backend/sources/services/support/test/apsas/support/controller/SupportControllerIntegrationTest.kt:462:72 Unresolved reference 'P_STUDENT'.[39m
[38;2;224;108;117m00:14.526 ERROR :support:compileJvmTest   file:///E:/1.Projects/106-oop-capstone/apsas/backend/sources/services/support/test/apsas/support/controller/SupportControllerIntegrationTest.kt:463:72 Unresolved reference 'P_OTHER_STUDENT'.[39m
[38;2;224;108;117m00:14.527 ERROR :support:compileJvmTest   file:///E:/1.Projects/106-oop-capstone/apsas/backend/sources/services/support/test/apsas/support/controller/SupportControllerIntegrationTest.kt:466:13 Unresolved reference 'webClient'.[39m
[38;2;224;108;117m00:14.527 ERROR :support:compileJvmTest   file:///E:/1.Projects/106-oop-capstone/apsas/backend/sources/services/support/test/apsas/support/controller/SupportControllerIntegrationTest.kt:468:18 Unresolved reference 'uri'.[39m
[38;2;224;108;117m00:14.528 ERROR :support:compileJvmTest   file:///E:/1.Projects/106-oop-capstone/apsas/backend/sources/services/support/test/apsas/support/controller/SupportControllerIntegrationTest.kt:469:32 Unresolved reference 'P_INSTRUCTOR'.[39m
[38;2;224;108;117m00:14.529 ERROR :support:compileJvmTest   file:///E:/1.Projects/106-oop-capstone/apsas/backend/sources/services/support/test/apsas/support/controller/SupportControllerIntegrationTest.kt:479:31 Unresolved reference 'P_STUDENT'.[39m
[38;2;224;108;117m00:14.529 ERROR :support:compileJvmTest   file:///E:/1.Projects/106-oop-capstone/apsas/backend/sources/services/support/test/apsas/support/controller/SupportControllerIntegrationTest.kt:482:13 Unresolved reference 'webClient'.[39m
[38;2;224;108;117m00:14.530 ERROR :support:compileJvmTest   file:///E:/1.Projects/106-oop-capstone/apsas/backend/sources/services/support/test/apsas/support/controller/SupportControllerIntegrationTest.kt:484:18 Unresolved reference 'uri'.[39m
[38;2;224;108;117m00:14.531 ERROR :support:compileJvmTest   file:///E:/1.Projects/106-oop-capstone/apsas/backend/sources/services/support/test/apsas/support/controller/SupportControllerIntegrationTest.kt:500:13 Unresolved reference 'webClient'.[39m
[38;2;224;108;117m00:14.532 ERROR :support:compileJvmTest   file:///E:/1.Projects/106-oop-capstone/apsas/backend/sources/services/support/test/apsas/support/controller/SupportControllerIntegrationTest.kt:502:18 Unresolved reference 'uri'.[39m
[38;2;224;108;117m00:14.533 ERROR :support:compileJvmTest   file:///E:/1.Projects/106-oop-capstone/apsas/backend/sources/services/support/test/apsas/support/controller/SupportControllerIntegrationTest.kt:503:32 Unresolved reference 'P_INSTRUCTOR'.[39m
[38;2;224;108;117m00:14.533 ERROR :support:compileJvmTest   file:///E:/1.Projects/106-oop-capstone/apsas/backend/sources/services/support/test/apsas/support/controller/SupportControllerIntegrationTest.kt:518:86 Unresolved reference 'P_STUDENT'.[39m
[38;2;224;108;117m00:14.534 ERROR :support:compileJvmTest   file:///E:/1.Projects/106-oop-capstone/apsas/backend/sources/services/support/test/apsas/support/controller/SupportControllerIntegrationTest.kt:521:13 Unresolved reference 'webClient'.[39m
[38;2;224;108;117m00:14.537 ERROR :support:compileJvmTest   file:///E:/1.Projects/106-oop-capstone/apsas/backend/sources/services/support/test/apsas/support/controller/SupportControllerIntegrationTest.kt:524:32 Unresolved reference 'P_OTHER_STUDENT'.[39m
[38;2;224;108;117m00:14.538 ERROR :support:compileJvmTest   file:///E:/1.Projects/106-oop-capstone/apsas/backend/sources/services/support/test/apsas/support/controller/SupportControllerIntegrationTest.kt:532:13 Unresolved reference 'webClient'.[39m
[38;2;224;108;117m00:14.540 ERROR :support:compileJvmTest   file:///E:/1.Projects/106-oop-capstone/apsas/backend/sources/services/support/test/apsas/support/controller/SupportControllerIntegrationTest.kt:534:18 Unresolved reference 'uri'.[39m
[38;2;224;108;117m00:14.540 ERROR :support:compileJvmTest   file:///E:/1.Projects/106-oop-capstone/apsas/backend/sources/services/support/test/apsas/support/controller/SupportControllerIntegrationTest.kt:535:32 Unresolved reference 'P_STUDENT'.[39m
[38;2;224;108;117m00:14.541 ERROR :support:compileJvmTest   file:///E:/1.Projects/106-oop-capstone/apsas/backend/sources/services/support/test/apsas/support/controller/SupportControllerIntegrationTest.kt:541:13 Unresolved reference 'webClient'.[39m
[38;2;224;108;117m00:14.542 ERROR :support:compileJvmTest   file:///E:/1.Projects/106-oop-capstone/apsas/backend/sources/services/support/test/apsas/support/controller/SupportControllerIntegrationTest.kt:543:18 Unresolved reference 'uri'.[39m
[38;2;224;108;117m00:14.543 ERROR :support:compileJvmTest   file:///E:/1.Projects/106-oop-capstone/apsas/backend/sources/services/support/test/apsas/support/controller/SupportControllerIntegrationTest.kt:544:32 Unresolved reference 'P_STUDENT'.[39m
[38;2;224;108;117m00:14.543 ERROR :support:compileJvmTest   file:///E:/1.Projects/106-oop-capstone/apsas/backend/sources/services/support/test/apsas/support/controller/SupportControllerIntegrationTest.kt:550:13 Unresolved reference 'webClient'.[39m
[38;2;224;108;117m00:14.543 ERROR :support:compileJvmTest   file:///E:/1.Projects/106-oop-capstone/apsas/backend/sources/services/support/test/apsas/support/controller/SupportControllerIntegrationTest.kt:553:32 Unresolved reference 'P_OTHER_STUDENT'.[39m
[38;2;224;108;117m00:14.544 ERROR :support:compileJvmTest   file:///E:/1.Projects/106-oop-capstone/apsas/backend/sources/services/support/test/apsas/support/controller/SupportControllerIntegrationTest.kt:559:2 Syntax error: imports are only allowed in the beginning of file.[39m

[38;2;224;108;117mERROR: Task ':support:compileJvmTest' failed: Kotlin compilation failed:[39m

[38;2;224;108;117mfile:///E:/1.Projects/106-oop-capstone/apsas/backend/sources/services/support/test/apsas/support/controller/SupportControllerIntegrationTest.kt:3:21 Unresolved reference 'test'.[39m
[38;2;224;108;117mfile:///E:/1.Projects/106-oop-capstone/apsas/backend/sources/services/support/test/apsas/support/controller/SupportControllerIntegrationTest.kt:4:21 Unresolved reference 'test'.[39m
[38;2;224;108;117mfile:///E:/1.Projects/106-oop-capstone/apsas/backend/sources/services/support/test/apsas/support/controller/SupportControllerIntegrationTest.kt:5:21 Unresolved reference 'test'.[39m
[38;2;224;108;117mfile:///E:/1.Projects/106-oop-capstone/apsas/backend/sources/services/support/test/apsas/support/controller/SupportControllerIntegrationTest.kt:6:21 Unresolved reference 'test'.[39m
[38;2;224;108;117mfile:///E:/1.Projects/106-oop-capstone/apsas/backend/sources/services/support/test/apsas/support/controller/SupportControllerIntegrationTest.kt:7:21 Unresolved reference 'test'.[39m
[38;2;224;108;117mfile:///E:/1.Projects/106-oop-capstone/apsas/backend/sources/services/support/test/apsas/support/controller/SupportControllerIntegrationTest.kt:8:21 Unresolved reference 'test'.[39m
[38;2;224;108;117mfile:///E:/1.Projects/106-oop-capstone/apsas/backend/sources/services/support/test/apsas/support/controller/SupportControllerIntegrationTest.kt:9:21 Unresolved reference 'test'.[39m
[38;2;224;108;117mfile:///E:/1.Projects/106-oop-capstone/apsas/backend/sources/services/support/test/apsas/support/controller/SupportControllerIntegrationTest.kt:17:28 Unresolved reference 'test'.[39m
[38;2;224;108;117mfile:///E:/1.Projects/106-oop-capstone/apsas/backend/sources/services/support/test/apsas/support/controller/SupportControllerIntegrationTest.kt:24:2 Unresolved reference 'ContextConfiguration'.[39m
[38;2;224;108;117mfile:///E:/1.Projects/106-oop-capstone/apsas/backend/sources/services/support/test/apsas/support/controller/SupportControllerIntegrationTest.kt:25:42 Unresolved reference 'IntegrationSpec'.[39m
[38;2;224;108;117mfile:///E:/1.Projects/106-oop-capstone/apsas/backend/sources/services/support/test/apsas/support/controller/SupportControllerIntegrationTest.kt:40:87 Unresolved reference 'P_STUDENT'.[39m
[38;2;224;108;117mfile:///E:/1.Projects/106-oop-capstone/apsas/backend/sources/services/support/test/apsas/support/controller/SupportControllerIntegrationTest.kt:41:87 Unresolved reference 'P_OTHER_STUDENT'.[39m
[38;2;224;108;117mfile:///E:/1.Projects/106-oop-capstone/apsas/backend/sources/services/support/test/apsas/support/controller/SupportControllerIntegrationTest.kt:43:13 Unresolved reference 'webClient'.[39m
[38;2;224;108;117mfile:///E:/1.Projects/106-oop-capstone/apsas/backend/sources/services/support/test/apsas/support/controller/SupportControllerIntegrationTest.kt:45:18 Unresolved reference 'uri'.[39m
[38;2;224;108;117mfile:///E:/1.Projects/106-oop-capstone/apsas/backend/sources/services/support/test/apsas/support/controller/SupportControllerIntegrationTest.kt:45:24 Cannot infer type for this parameter. Specify it explicitly.[39m
[38;2;224;108;117mfile:///E:/1.Projects/106-oop-capstone/apsas/backend/sources/services/support/test/apsas/support/controller/SupportControllerIntegrationTest.kt:47:26 Unresolved reference 'path'.[39m
[38;2;224;108;117mfile:///E:/1.Projects/106-oop-capstone/apsas/backend/sources/services/support/test/apsas/support/controller/SupportControllerIntegrationTest.kt:52:32 Unresolved reference 'P_INSTRUCTOR'.[39m
[38;2;224;108;117mfile:///E:/1.Projects/106-oop-capstone/apsas/backend/sources/services/support/test/apsas/support/controller/SupportControllerIntegrationTest.kt:67:29 Unresolved reference 'P_STUDENT'.[39m
[38;2;224;108;117mfile:///E:/1.Projects/106-oop-capstone/apsas/backend/sources/services/support/test/apsas/support/controller/SupportControllerIntegrationTest.kt:68:34 Unresolved reference 'P_OTHER_STUDENT'.[39m
[38;2;224;108;117mfile:///E:/1.Projects/106-oop-capstone/apsas/backend/sources/services/support/test/apsas/support/controller/SupportControllerIntegrationTest.kt:74:13 Unresolved reference 'webClient'.[39m
[38;2;224;108;117mfile:///E:/1.Projects/106-oop-capstone/apsas/backend/sources/services/support/test/apsas/support/controller/SupportControllerIntegrationTest.kt:76:18 Unresolved reference 'uri'.[39m
[38;2;224;108;117mfile:///E:/1.Projects/106-oop-capstone/apsas/backend/sources/services/support/test/apsas/support/controller/SupportControllerIntegrationTest.kt:77:32 Unresolved reference 'P_STUDENT'.[39m
[38;2;224;108;117mfile:///E:/1.Projects/106-oop-capstone/apsas/backend/sources/services/support/test/apsas/support/controller/SupportControllerIntegrationTest.kt:89:13 Unresolved reference 'webClient'.[39m
[38;2;224;108;117mfile:///E:/1.Projects/106-oop-capstone/apsas/backend/sources/services/support/test/apsas/support/controller/SupportControllerIntegrationTest.kt:91:18 Unresolved reference 'uri'.[39m
[38;2;224;108;117mfile:///E:/1.Projects/106-oop-capstone/apsas/backend/sources/services/support/test/apsas/support/controller/SupportControllerIntegrationTest.kt:92:32 Unresolved reference 'P_STUDENT'.[39m
[38;2;224;108;117mfile:///E:/1.Projects/106-oop-capstone/apsas/backend/sources/services/support/test/apsas/support/controller/SupportControllerIntegrationTest.kt:112:13 Unresolved reference 'webClient'.[39m
[38;2;224;108;117mfile:///E:/1.Projects/106-oop-capstone/apsas/backend/sources/services/support/test/apsas/support/controller/SupportControllerIntegrationTest.kt:114:18 Unresolved reference 'uri'.[39m
[38;2;224;108;117mfile:///E:/1.Projects/106-oop-capstone/apsas/backend/sources/services/support/test/apsas/support/controller/SupportControllerIntegrationTest.kt:115:32 Unresolved reference 'P_INSTRUCTOR'.[39m
[38;2;224;108;117mfile:///E:/1.Projects/106-oop-capstone/apsas/backend/sources/services/support/test/apsas/support/controller/SupportControllerIntegrationTest.kt:134:29 Unresolved reference 'P_STUDENT'.[39m
[38;2;224;108;117mfile:///E:/1.Projects/106-oop-capstone/apsas/backend/sources/services/support/test/apsas/support/controller/SupportControllerIntegrationTest.kt:138:13 Unresolved reference 'webClient'.[39m
[38;2;224;108;117mfile:///E:/1.Projects/106-oop-capstone/apsas/backend/sources/services/support/test/apsas/support/controller/SupportControllerIntegrationTest.kt:140:18 Unresolved reference 'uri'.[39m
[38;2;224;108;117mfile:///E:/1.Projects/106-oop-capstone/apsas/backend/sources/services/support/test/apsas/support/controller/SupportControllerIntegrationTest.kt:141:32 Unresolved reference 'P_STUDENT'.[39m
[38;2;224;108;117mfile:///E:/1.Projects/106-oop-capstone/apsas/backend/sources/services/support/test/apsas/support/controller/SupportControllerIntegrationTest.kt:147:52 Unresolved reference 'P_STUDENT'.[39m
[38;2;224;108;117mfile:///E:/1.Projects/106-oop-capstone/apsas/backend/sources/services/support/test/apsas/support/controller/SupportControllerIntegrationTest.kt:156:29 Unresolved reference 'P_OTHER_STUDENT'.[39m
[38;2;224;108;117mfile:///E:/1.Projects/106-oop-capstone/apsas/backend/sources/services/support/test/apsas/support/controller/SupportControllerIntegrationTest.kt:162:13 Unresolved reference 'webClient'.[39m
[38;2;224;108;117mfile:///E:/1.Projects/106-oop-capstone/apsas/backend/sources/services/support/test/apsas/support/controller/SupportControllerIntegrationTest.kt:164:18 Unresolved reference 'uri'.[39m
[38;2;224;108;117mfile:///E:/1.Projects/106-oop-capstone/apsas/backend/sources/services/support/test/apsas/support/controller/SupportControllerIntegrationTest.kt:165:32 Unresolved reference 'P_INSTRUCTOR'.[39m
[38;2;224;108;117mfile:///E:/1.Projects/106-oop-capstone/apsas/backend/sources/services/support/test/apsas/support/controller/SupportControllerIntegrationTest.kt:178:13 Unresolved reference 'webClient'.[39m
[38;2;224;108;117mfile:///E:/1.Projects/106-oop-capstone/apsas/backend/sources/services/support/test/apsas/support/controller/SupportControllerIntegrationTest.kt:180:18 Unresolved reference 'uri'.[39m
[38;2;224;108;117mfile:///E:/1.Projects/106-oop-capstone/apsas/backend/sources/services/support/test/apsas/support/controller/SupportControllerIntegrationTest.kt:181:32 Unresolved reference 'P_STUDENT'.[39m
[38;2;224;108;117mfile:///E:/1.Projects/106-oop-capstone/apsas/backend/sources/services/support/test/apsas/support/controller/SupportControllerIntegrationTest.kt:189:34 Unresolved reference 'P_OTHER_STUDENT'.[39m
[38;2;224;108;117mfile:///E:/1.Projects/106-oop-capstone/apsas/backend/sources/services/support/test/apsas/support/controller/SupportControllerIntegrationTest.kt:195:13 Unresolved reference 'webClient'.[39m
[38;2;224;108;117mfile:///E:/1.Projects/106-oop-capstone/apsas/backend/sources/services/support/test/apsas/support/controller/SupportControllerIntegrationTest.kt:197:18 Unresolved reference 'uri'.[39m
[38;2;224;108;117mfile:///E:/1.Projects/106-oop-capstone/apsas/backend/sources/services/support/test/apsas/support/controller/SupportControllerIntegrationTest.kt:198:32 Unresolved reference 'P_STUDENT'.[39m
[38;2;224;108;117mfile:///E:/1.Projects/106-oop-capstone/apsas/backend/sources/services/support/test/apsas/support/controller/SupportControllerIntegrationTest.kt:206:29 Unresolved reference 'P_STUDENT'.[39m
[38;2;224;108;117mfile:///E:/1.Projects/106-oop-capstone/apsas/backend/sources/services/support/test/apsas/support/controller/SupportControllerIntegrationTest.kt:207:32 Unresolved reference 'P_INSTRUCTOR'.[39m
[38;2;224;108;117mfile:///E:/1.Projects/106-oop-capstone/apsas/backend/sources/services/support/test/apsas/support/controller/SupportControllerIntegrationTest.kt:222:13 Unresolved reference 'webClient'.[39m
[38;2;224;108;117mfile:///E:/1.Projects/106-oop-capstone/apsas/backend/sources/services/support/test/apsas/support/controller/SupportControllerIntegrationTest.kt:224:18 Unresolved reference 'uri'.[39m
[38;2;224;108;117mfile:///E:/1.Projects/106-oop-capstone/apsas/backend/sources/services/support/test/apsas/support/controller/SupportControllerIntegrationTest.kt:225:32 Unresolved reference 'P_STUDENT'.[39m
[38;2;224;108;117mfile:///E:/1.Projects/106-oop-capstone/apsas/backend/sources/services/support/test/apsas/support/controller/SupportControllerIntegrationTest.kt:241:29 Unresolved reference 'P_STUDENT'.[39m
[38;2;224;108;117mfile:///E:/1.Projects/106-oop-capstone/apsas/backend/sources/services/support/test/apsas/support/controller/SupportControllerIntegrationTest.kt:246:13 Unresolved reference 'webClient'.[39m
[38;2;224;108;117mfile:///E:/1.Projects/106-oop-capstone/apsas/backend/sources/services/support/test/apsas/support/controller/SupportControllerIntegrationTest.kt:268:29 Unresolved reference 'P_STUDENT'.[39m
[38;2;224;108;117mfile:///E:/1.Projects/106-oop-capstone/apsas/backend/sources/services/support/test/apsas/support/controller/SupportControllerIntegrationTest.kt:270:13 Unresolved reference 'webClient'.[39m
[38;2;224;108;117mfile:///E:/1.Projects/106-oop-capstone/apsas/backend/sources/services/support/test/apsas/support/controller/SupportControllerIntegrationTest.kt:283:29 Unresolved reference 'P_STUDENT'.[39m
[38;2;224;108;117mfile:///E:/1.Projects/106-oop-capstone/apsas/backend/sources/services/support/test/apsas/support/controller/SupportControllerIntegrationTest.kt:285:13 Unresolved reference 'webClient'.[39m
[38;2;224;108;117mfile:///E:/1.Projects/106-oop-capstone/apsas/backend/sources/services/support/test/apsas/support/controller/SupportControllerIntegrationTest.kt:298:29 Unresolved reference 'P_INSTRUCTOR'.[39m
[38;2;224;108;117mfile:///E:/1.Projects/106-oop-capstone/apsas/backend/sources/services/support/test/apsas/support/controller/SupportControllerIntegrationTest.kt:301:13 Unresolved reference 'webClient'.[39m
[38;2;224;108;117mfile:///E:/1.Projects/106-oop-capstone/apsas/backend/sources/services/support/test/apsas/support/controller/SupportControllerIntegrationTest.kt:314:29 Unresolved reference 'P_STUDENT'.[39m
[38;2;224;108;117mfile:///E:/1.Projects/106-oop-capstone/apsas/backend/sources/services/support/test/apsas/support/controller/SupportControllerIntegrationTest.kt:320:13 Unresolved reference 'webClient'.[39m
[38;2;224;108;117mfile:///E:/1.Projects/106-oop-capstone/apsas/backend/sources/services/support/test/apsas/support/controller/SupportControllerIntegrationTest.kt:339:29 Unresolved reference 'P_STUDENT'.[39m
[38;2;224;108;117mfile:///E:/1.Projects/106-oop-capstone/apsas/backend/sources/services/support/test/apsas/support/controller/SupportControllerIntegrationTest.kt:346:13 Unresolved reference 'webClient'.[39m
[38;2;224;108;117mfile:///E:/1.Projects/106-oop-capstone/apsas/backend/sources/services/support/test/apsas/support/controller/SupportControllerIntegrationTest.kt:361:29 Unresolved reference 'P_STUDENT'.[39m
[38;2;224;108;117mfile:///E:/1.Projects/106-oop-capstone/apsas/backend/sources/services/support/test/apsas/support/controller/SupportControllerIntegrationTest.kt:364:13 Unresolved reference 'webClient'.[39m
[38;2;224;108;117mfile:///E:/1.Projects/106-oop-capstone/apsas/backend/sources/services/support/test/apsas/support/controller/SupportControllerIntegrationTest.kt:375:34 Unresolved reference 'P_OTHER_STUDENT'.[39m
[38;2;224;108;117mfile:///E:/1.Projects/106-oop-capstone/apsas/backend/sources/services/support/test/apsas/support/controller/SupportControllerIntegrationTest.kt:381:13 Unresolved reference 'webClient'.[39m
[38;2;224;108;117mfile:///E:/1.Projects/106-oop-capstone/apsas/backend/sources/services/support/test/apsas/support/controller/SupportControllerIntegrationTest.kt:384:32 Unresolved reference 'P_STUDENT'.[39m
[38;2;224;108;117mfile:///E:/1.Projects/106-oop-capstone/apsas/backend/sources/services/support/test/apsas/support/controller/SupportControllerIntegrationTest.kt:392:29 Unresolved reference 'P_STUDENT'.[39m
[38;2;224;108;117mfile:///E:/1.Projects/106-oop-capstone/apsas/backend/sources/services/support/test/apsas/support/controller/SupportControllerIntegrationTest.kt:399:13 Unresolved reference 'webClient'.[39m
[38;2;224;108;117mfile:///E:/1.Projects/106-oop-capstone/apsas/backend/sources/services/support/test/apsas/support/controller/SupportControllerIntegrationTest.kt:411:29 Unresolved reference 'P_OTHER_STUDENT'.[39m
[38;2;224;108;117mfile:///E:/1.Projects/106-oop-capstone/apsas/backend/sources/services/support/test/apsas/support/controller/SupportControllerIntegrationTest.kt:415:13 Unresolved reference 'webClient'.[39m
[38;2;224;108;117mfile:///E:/1.Projects/106-oop-capstone/apsas/backend/sources/services/support/test/apsas/support/controller/SupportControllerIntegrationTest.kt:418:32 Unresolved reference 'P_INSTRUCTOR'.[39m
[38;2;224;108;117mfile:///E:/1.Projects/106-oop-capstone/apsas/backend/sources/services/support/test/apsas/support/controller/SupportControllerIntegrationTest.kt:426:29 Unresolved reference 'P_STUDENT'.[39m
[38;2;224;108;117mfile:///E:/1.Projects/106-oop-capstone/apsas/backend/sources/services/support/test/apsas/support/controller/SupportControllerIntegrationTest.kt:434:13 Unresolved reference 'webClient'.[39m
[38;2;224;108;117mfile:///E:/1.Projects/106-oop-capstone/apsas/backend/sources/services/support/test/apsas/support/controller/SupportControllerIntegrationTest.kt:451:13 Unresolved reference 'webClient'.[39m
[38;2;224;108;117mfile:///E:/1.Projects/106-oop-capstone/apsas/backend/sources/services/support/test/apsas/support/controller/SupportControllerIntegrationTest.kt:453:18 Unresolved reference 'uri'.[39m
[38;2;224;108;117mfile:///E:/1.Projects/106-oop-capstone/apsas/backend/sources/services/support/test/apsas/support/controller/SupportControllerIntegrationTest.kt:462:72 Unresolved reference 'P_STUDENT'.[39m
[38;2;224;108;117mfile:///E:/1.Projects/106-oop-capstone/apsas/backend/sources/services/support/test/apsas/support/controller/SupportControllerIntegrationTest.kt:463:72 Unresolved reference 'P_OTHER_STUDENT'.[39m
[38;2;224;108;117mfile:///E:/1.Projects/106-oop-capstone/apsas/backend/sources/services/support/test/apsas/support/controller/SupportControllerIntegrationTest.kt:466:13 Unresolved reference 'webClient'.[39m
[38;2;224;108;117mfile:///E:/1.Projects/106-oop-capstone/apsas/backend/sources/services/support/test/apsas/support/controller/SupportControllerIntegrationTest.kt:468:18 Unresolved reference 'uri'.[39m
[38;2;224;108;117mfile:///E:/1.Projects/106-oop-capstone/apsas/backend/sources/services/support/test/apsas/support/controller/SupportControllerIntegrationTest.kt:469:32 Unresolved reference 'P_INSTRUCTOR'.[39m
[38;2;224;108;117mfile:///E:/1.Projects/106-oop-capstone/apsas/backend/sources/services/support/test/apsas/support/controller/SupportControllerIntegrationTest.kt:479:31 Unresolved reference 'P_STUDENT'.[39m
[38;2;224;108;117mfile:///E:/1.Projects/106-oop-capstone/apsas/backend/sources/services/support/test/apsas/support/controller/SupportControllerIntegrationTest.kt:482:13 Unresolved reference 'webClient'.[39m
[38;2;224;108;117mfile:///E:/1.Projects/106-oop-capstone/apsas/backend/sources/services/support/test/apsas/support/controller/SupportControllerIntegrationTest.kt:484:18 Unresolved reference 'uri'.[39m
[38;2;224;108;117mfile:///E:/1.Projects/106-oop-capstone/apsas/backend/sources/services/support/test/apsas/support/controller/SupportControllerIntegrationTest.kt:500:13 Unresolved reference 'webClient'.[39m
[38;2;224;108;117mfile:///E:/1.Projects/106-oop-capstone/apsas/backend/sources/services/support/test/apsas/support/controller/SupportControllerIntegrationTest.kt:502:18 Unresolved reference 'uri'.[39m
[38;2;224;108;117mfile:///E:/1.Projects/106-oop-capstone/apsas/backend/sources/services/support/test/apsas/support/controller/SupportControllerIntegrationTest.kt:503:32 Unresolved reference 'P_INSTRUCTOR'.[39m
[38;2;224;108;117mfile:///E:/1.Projects/106-oop-capstone/apsas/backend/sources/services/support/test/apsas/support/controller/SupportControllerIntegrationTest.kt:518:86 Unresolved reference 'P_STUDENT'.[39m
[38;2;224;108;117mfile:///E:/1.Projects/106-oop-capstone/apsas/backend/sources/services/support/test/apsas/support/controller/SupportControllerIntegrationTest.kt:521:13 Unresolved reference 'webClient'.[39m
[38;2;224;108;117mfile:///E:/1.Projects/106-oop-capstone/apsas/backend/sources/services/support/test/apsas/support/controller/SupportControllerIntegrationTest.kt:524:32 Unresolved reference 'P_OTHER_STUDENT'.[39m
[38;2;224;108;117mfile:///E:/1.Projects/106-oop-capstone/apsas/backend/sources/services/support/test/apsas/support/controller/SupportControllerIntegrationTest.kt:532:13 Unresolved reference 'webClient'.[39m
[38;2;224;108;117mfile:///E:/1.Projects/106-oop-capstone/apsas/backend/sources/services/support/test/apsas/support/controller/SupportControllerIntegrationTest.kt:534:18 Unresolved reference 'uri'.[39m
[38;2;224;108;117mfile:///E:/1.Projects/106-oop-capstone/apsas/backend/sources/services/support/test/apsas/support/controller/SupportControllerIntegrationTest.kt:535:32 Unresolved reference 'P_STUDENT'.[39m
[38;2;224;108;117mfile:///E:/1.Projects/106-oop-capstone/apsas/backend/sources/services/support/test/apsas/support/controller/SupportControllerIntegrationTest.kt:541:13 Unresolved reference 'webClient'.[39m
[38;2;224;108;117mfile:///E:/1.Projects/106-oop-capstone/apsas/backend/sources/services/support/test/apsas/support/controller/SupportControllerIntegrationTest.kt:543:18 Unresolved reference 'uri'.[39m
[38;2;224;108;117mfile:///E:/1.Projects/106-oop-capstone/apsas/backend/sources/services/support/test/apsas/support/controller/SupportControllerIntegrationTest.kt:544:32 Unresolved reference 'P_STUDENT'.[39m
[38;2;224;108;117mfile:///E:/1.Projects/106-oop-capstone/apsas/backend/sources/services/support/test/apsas/support/controller/SupportControllerIntegrationTest.kt:550:13 Unresolved reference 'webClient'.[39m
[38;2;224;108;117mfile:///E:/1.Projects/106-oop-capstone/apsas/backend/sources/services/support/test/apsas/support/controller/SupportControllerIntegrationTest.kt:553:32 Unresolved reference 'P_OTHER_STUDENT'.[39m
[38;2;224;108;117mfile:///E:/1.Projects/106-oop-capstone/apsas/backend/sources/services/support/test/apsas/support/controller/SupportControllerIntegrationTest.kt:559:2 Syntax error: imports are only allowed in the beginning of file.[39m
